Running in Lattice mode


Starting:    C:\lscc\iCEcube2.2020.12\synpbase\bin64\mbin\synbatch.exe
Install:     C:\lscc\iCEcube2.2020.12\synpbase
Hostname:    JASON-LAB
Date:        Sun May 31 12:48:27 2026
Version:     L-2016.09L+ice40

Arguments:   -product synplify_pro -batch LBC_U400_syn.prj
ProductType: synplify_pro





log file: "D:\LocalBus68040\U400\LBC_U400\LBC_U400_Implmnt\LBC_U400.srr"
Running: LBC_U400_Implmnt in foreground

Running LBC_U400_syn|LBC_U400_Implmnt

Running: compile (Compile) on LBC_U400_syn|LBC_U400_Implmnt
# Sun May 31 12:48:27 2026

Running: compile_flow (Compile Process) on LBC_U400_syn|LBC_U400_Implmnt
# Sun May 31 12:48:27 2026

Running: compiler (Compile Input) on LBC_U400_syn|LBC_U400_Implmnt
# Sun May 31 12:48:27 2026
Copied D:\LocalBus68040\U400\LBC_U400\LBC_U400_Implmnt\synwork\LBC_U400_comp.srs to D:\LocalBus68040\U400\LBC_U400\LBC_U400_Implmnt\LBC_U400.srs

compiler completed
# Sun May 31 12:48:29 2026

Return Code: 0
Run Time:00h:00m:02s

Running: multi_srs_gen (Multi-srs Generator) on LBC_U400_syn|LBC_U400_Implmnt
# Sun May 31 12:48:29 2026

multi_srs_gen completed
# Sun May 31 12:48:29 2026

Return Code: 0
Run Time:00h:00m:00s
Copied D:\LocalBus68040\U400\LBC_U400\LBC_U400_Implmnt\synwork\LBC_U400_mult.srs to D:\LocalBus68040\U400\LBC_U400\LBC_U400_Implmnt\LBC_U400.srs
Complete: Compile Process on LBC_U400_syn|LBC_U400_Implmnt

Running: premap (Pre-mapping) on LBC_U400_syn|LBC_U400_Implmnt
# Sun May 31 12:48:29 2026

premap completed
# Sun May 31 12:48:29 2026

Return Code: 0
Run Time:00h:00m:00s
Complete: Compile on LBC_U400_syn|LBC_U400_Implmnt

Running: map (Map) on LBC_U400_syn|LBC_U400_Implmnt
# Sun May 31 12:48:29 2026
License granted for 4 parallel jobs

Running: fpga_mapper (Map & Optimize) on LBC_U400_syn|LBC_U400_Implmnt
# Sun May 31 12:48:29 2026
Copied D:\LocalBus68040\U400\LBC_U400\LBC_U400_Implmnt\synwork\LBC_U400_m.srm to D:\LocalBus68040\U400\LBC_U400\LBC_U400_Implmnt\LBC_U400.srm

fpga_mapper completed with warnings
# Sun May 31 12:48:30 2026

Return Code: 1
Run Time:00h:00m:01s
Complete: Map on LBC_U400_syn|LBC_U400_Implmnt
Complete: Logic Synthesis on LBC_U400_syn|LBC_U400_Implmnt

exit status=0

exit status=0

